[spicy-step-903793.framer.app/index.html]
[backblue.gif]
[fade.gif]
[index.html]
[framerusercontent.com/images/GYMrZEpAq0DXL9rtPn4egX0B8TA.png]
[framerusercontent.com/images/lkLm0ho2ZXy8BQVun9QbKwvP048.png]
[framerusercontent.com/images/MCeLrugFr7ppc87rfoKhMYrgzMc.png]
[framerusercontent.com/assets/n3bkTssePLzqtNYbui6VhKcRQU.png]
[spicy-step-903793.framer.app/work.html]
[spicy-step-903793.framer.app/platform.html]
[spicy-step-903793.framer.app/changelog.html]
[spicy-step-903793.framer.app/contact.html]
[spicy-step-903793.framer.app/get-started.html]
[spicy-step-903793.framer.app/changelog/knot-ai-2.html]
[framerusercontent.com/images/JmxkfWpFE22x3LcBEGcY9VpTn4480f.png]
[framerusercontent.com/images/zhqZJyTy41Ps7OotCFLoQuGVKOYc4b2.png]
[framerusercontent.com/images/Rw2gaoF7IVsC5ZY2RZhGEw1lwc4b2.png]
[framerusercontent.com/images/Bo7fgaa0c6fKz7qfeBSozs3aFsc4b2.png]
[framerusercontent.com/images/NwAPqgyGLQ9iJ0IawD6KW9ILqjYc4b2.png]
[framerusercontent.com/images/v9WgyYqJj6QsQKr1MUeEH3kukbbee.png]
[framerusercontent.com/images/h1uuYgqtuBqyyyWU5P1GKBccFcEb942.png]
[spicy-step-903793.framer.app/work/relay.html]
[framerusercontent.com/images/oNhge9I5nVsdECvwil43aycAc4dd.jpg]
[spicy-step-903793.framer.app/work/ascend.html]
[framerusercontent.com/images/U1jPu3oLa8zgnCbbDgSbVzRYOCM6e4d.png]
[spicy-step-903793.framer.app/work/callura.html]
[framerusercontent.com/images/3Nr2UJuomjYLJaoVYnzKhRnotUs6c9c.png]
[spicy-step-903793.framer.app/work/gamepay.html]
[framerusercontent.com/images/J58EpS2cZRIxuj1xAsBS54X2k88ac.png]
[spicy-step-903793.framer.app/work/phon.html]
[framerusercontent.com/images/DAcLHFoCx4xUXMBgebZMOG9bwdf1c.jpg]
[framerusercontent.com/images/0tdTxIoQkdhTZKk4KBI75uqTSWc08fa.jpg]
[framerusercontent.com/images/IgXlUjkjqFnTpCM6Id1K4tmig08fa.jpg]
[framerusercontent.com/images/sWPwYCA0MaqHSjZEhYtzPhkVM08fa.jpg]
[framerusercontent.com/images/SZKu6fjAPy8kTv7fjxigGXlgwb788.png]
[framerusercontent.com/images/Ur71VDWTy44DgZFIrTu1F495yZg88ac.png]
[framerusercontent.com/images/0rZodLCW7MSxu6hPRfjyRZrgJYd6b5.png]
[framerusercontent.com/images/Ax8df0y95ZstgP3qugHow7Wfak5a8f.jpg]
[framerusercontent.com/images/V4Y8dCFC7oDD6ZI0Thf8ymkj7088a13.png]
[framerusercontent.com/images/sT6E0U72v3Ekx0sooIlfAnxz9U5a8f.jpg]
[framerusercontent.com/images/dktIkK800tkbL0SeB1xUIJAIqs0612.png]
[framerusercontent.com/images/3jdaUkFaPB30HHeLe8UANHy6ehA5a8f.jpg]
[framerusercontent.com/images/e1aRd3O9t6wJREQEXioa6MoTuxA5a8f.jpg]
[spicy-step-903793.framer.app/changelog/decision-history.html]
[spicy-step-903793.framer.app/changelog/connectors.html]
[spicy-step-903793.framer.app/changelog/public-share-system-and-design-drive-revamp.html]
[framerusercontent.com/images/LFB6xT6TgNeFxVYqLtRxs5fg88ac.png]
[spicy-step-903793.framer.app/terms.html]
[spicy-step-903793.framer.app/policy.html]
[spicy-step-903793.framer.app/index.html]
[spicy-step-903793.framer.app/guarantees.html]
[framerusercontent.com/images/alkQ12qoALoAZOpJv4I5rylRWlM6c9c.jpg]
[framerusercontent.com/images/nWBgsjELe4w8moiZsYot2H71UHMdf1c.jpg]
[framerusercontent.com/images/4vNdnWduW83xx2KRaNYNpnFdI2Udf1c.png]
[framerusercontent.com/images/R9eZBaTRLc3Z5UPgorRmPQplo08fa.png]
[framerusercontent.com/images/alkQ12qoALoAZOpJv4I5rylRWlMc5a7.jpg]
[framerusercontent.com/images/nWBgsjELe4w8moiZsYot2H71UHMd684.jpg]
[framerusercontent.com/images/4vNdnWduW83xx2KRaNYNpnFdI2U00e1.png]
[framerusercontent.com/images/R9eZBaTRLc3Z5UPgorRmPQplof71a.png]
[framerusercontent.com/images/DAcLHFoCx4xUXMBgebZMOG9bwe01b.jpg]
[spicy-step-903793.framer.app/work.html]
[framerusercontent.com/assets/ZU7IHJ2lw7UKSRMmxn55VJoTUU.png]
[framerusercontent.com/images/wH8gnxD3UsZIgHVeAbpy8qcY4wQ5634.png]
[framerusercontent.com/images/7EObi9x73iIgmlaVo6Pg1q0PnZI2437.png]
[framerusercontent.com/images/o116NB45euQRxTUsjAfXP80baM82bf0.png]
[framerusercontent.com/images/9QCCj4ECefiBRjIcM9Od3Qb4Vsoad21.png]
[framerusercontent.com/images/9v2cmxosOhUgrXW8g1h48GyVqv4edaa.png]
[framerusercontent.com/images/vsmfTQreCabSs1H9XhFx9Hp23XQf82a.png]
[framerusercontent.com/images/W53W7k2M1cL7czO6gOQ5ilJAis1071.png]
[framerusercontent.com/images/evbuNCWL8m2O2V7NDItO2eqhMdf92.png]
[framerusercontent.com/images/6jzwTpBAuZjdhizrcCyVvW9FBA1dcd.png]
[framerusercontent.com/images/Z1HCRllxbX6l5n7XVlWL3vwE6A5323.png]
[framerusercontent.com/images/1Uy8aU8BAJKy1Zs7lXEBYwIETLg849e.png]
[spicy-step-903793.framer.app/platform.html]
[framerusercontent.com/images/XXES7IlBhjEsZjVHjwYpTDJocGU2bf0.png]
[framerusercontent.com/images/EcwszmPjLCcQhWTd5yAiIAFN0Y2bf0.png]
[framerusercontent.com/images/f3NrDKOMYhY7WkUThQ5H0YIMjbQ2bf0.png]
[spicy-step-903793.framer.app/changelog/style-profile-and-brand-memory.html]
[framerusercontent.com/images/PXaQBeJOqFIj3hrLY0OAmoa8Vc2bf0.png]
[spicy-step-903793.framer.app/changelog/knot-ai-agent.html]
[framerusercontent.com/images/uXekUzQhfk9KuV1Ls0eqeQeQ9hc2bf0.png]
[spicy-step-903793.framer.app/changelog/initial-launch.html]
[framerusercontent.com/images/kRTHYQnSmrBBzEMcVuUPxdI3Rb82bf0.png]
[framerusercontent.com/images/XXES7IlBhjEsZjVHjwYpTDJocGU1024.png]
[framerusercontent.com/images/o116NB45euQRxTUsjAfXP80baM8acbf.png]
[framerusercontent.com/images/EcwszmPjLCcQhWTd5yAiIAFN0Ydbf0.png]
[framerusercontent.com/images/f3NrDKOMYhY7WkUThQ5H0YIMjbQ8a42.png]
[framerusercontent.com/images/PXaQBeJOqFIj3hrLY0OAmoa8Vce31c.png]
[framerusercontent.com/images/uXekUzQhfk9KuV1Ls0eqeQeQ9hc795e.png]
[framerusercontent.com/images/kRTHYQnSmrBBzEMcVuUPxdI3Rb83e35.png]
[spicy-step-903793.framer.app/changelog.html]
[spicy-step-903793.framer.app/contact.html]
[spicy-step-903793.framer.app/get-started.html]
[spicy-step-903793.framer.app/changelog/knot-ai-2.html]
[framerusercontent.com/images/KpbEqht17Mp1YVkzZn7vT99T11g3e82.jpg]
[framerusercontent.com/images/MTwLECFrzbxKga5iqljtWWQ1svkc4dd.jpg]
[framerusercontent.com/images/MXtAWCzcBbDEGT6xHx2LDxudbwAc4dd.jpg]
[framerusercontent.com/images/SfkZMY1MOVOleO8ZxQRZk9JJJQ3696.jpg]
[framerusercontent.com/images/nzJXjYEniWBjcixiMQfcfPwr2KAf146.jpg]
[framerusercontent.com/images/GfoeQJEgzF2dKXBZWdNErzrxx5If146.jpg]
[framerusercontent.com/images/7hy83i0xeg9NTjfkeZN13eTcC06c9c.jpg]
[framerusercontent.com/images/KpbEqht17Mp1YVkzZn7vT99T11g41c3.jpg]
[framerusercontent.com/images/oNhge9I5nVsdECvwil43aycA106f.jpg]
[framerusercontent.com/images/MTwLECFrzbxKga5iqljtWWQ1svka07c.jpg]
[framerusercontent.com/images/MXtAWCzcBbDEGT6xHx2LDxudbwA19da.jpg]
[framerusercontent.com/images/SfkZMY1MOVOleO8ZxQRZk9JJJQ1456.jpg]
[framerusercontent.com/images/nzJXjYEniWBjcixiMQfcfPwr2KA6e7a.jpg]
[framerusercontent.com/images/GfoeQJEgzF2dKXBZWdNErzrxx5I53dc.jpg]
[framerusercontent.com/images/7hy83i0xeg9NTjfkeZN13eTcC09c75.jpg]
[spicy-step-903793.framer.app/work/relay.html]
[framerusercontent.com/images/zrrEdLlttdZAYknHCvnL3sQwT46c9c.jpg]
[framerusercontent.com/images/DmUdoho2HJUWrhGqP6z8i651L46c9c.jpg]
[framerusercontent.com/images/VKozImjo2ovTV5XmrcLa2qY8rCY6c9c.jpg]
[framerusercontent.com/images/oZEis36a1758huEH9fq3RWIDyM6c9c.jpg]
[framerusercontent.com/images/V26q45KxNDG5adKXiEZLewcQS3s6c9c.jpg]
[framerusercontent.com/images/vl2QhWrixNKGHg9ApxOy19KyvJA6c9c.jpg]
[framerusercontent.com/images/sKhHXynMDAHAIGoExQ4d6NWbvjs6c9c.jpg]
[framerusercontent.com/images/SPvbHX30ymrm07MfmvXhqrDhKU6c9c.jpg]
[framerusercontent.com/images/8qp9DK09G9VK9d3AbMItdrJ46c9c.jpg]
[framerusercontent.com/images/pXPWuCPhUMF7Y85mAiMGzeF1q9U6c9c.jpg]
[framerusercontent.com/images/SC7VuGwZa2pxEB2LBzEG1Zu9B1k6c9c.jpg]
[framerusercontent.com/images/0jLKg5HyxWVKnNUadiu5UejJuI6c9c.jpg]
[framerusercontent.com/images/CGXiCeW6aHEpdt1CAepwFtDEk6c9c.jpg]
[framerusercontent.com/images/p2ZXbyqUeYDI6BrtVlHlWNrI9U6c9c.jpg]
[framerusercontent.com/images/sN53Lg6H2sVSjNfVGiBJbmSHAU6c9c.jpg]
[framerusercontent.com/images/zrrEdLlttdZAYknHCvnL3sQwT443ec.jpg]
[framerusercontent.com/images/DmUdoho2HJUWrhGqP6z8i651L48a94.jpg]
[framerusercontent.com/images/VKozImjo2ovTV5XmrcLa2qY8rCYbfcb.jpg]
[framerusercontent.com/images/oZEis36a1758huEH9fq3RWIDyMe228.jpg]
[framerusercontent.com/images/V26q45KxNDG5adKXiEZLewcQS3s14db.jpg]
[framerusercontent.com/images/vl2QhWrixNKGHg9ApxOy19KyvJAf7e7.jpg]
[framerusercontent.com/images/sKhHXynMDAHAIGoExQ4d6NWbvjs26e7.jpg]
[framerusercontent.com/images/SPvbHX30ymrm07MfmvXhqrDhKUc33a.jpg]
[framerusercontent.com/images/8qp9DK09G9VK9d3AbMItdrJ43dc7.jpg]
[framerusercontent.com/images/pXPWuCPhUMF7Y85mAiMGzeF1q9Udc22.jpg]
[framerusercontent.com/images/SC7VuGwZa2pxEB2LBzEG1Zu9B1k1a22.jpg]
[framerusercontent.com/images/0jLKg5HyxWVKnNUadiu5UejJuI772d.jpg]
[framerusercontent.com/images/CGXiCeW6aHEpdt1CAepwFtDEk1703.jpg]
[framerusercontent.com/images/p2ZXbyqUeYDI6BrtVlHlWNrI9U301e.jpg]
[framerusercontent.com/images/sN53Lg6H2sVSjNfVGiBJbmSHAUa59f.jpg]
[spicy-step-903793.framer.app/work/ascend.html]
[framerusercontent.com/images/LPjLBVl3pJqM2wD72SHa9q8BX0M6c9c.jpg]
[framerusercontent.com/images/I9kyFVPGSOH7H0sv3SFcPBRDhdU6c9c.jpg]
[framerusercontent.com/images/IfKd0yo59R2tOIkqGOiM6KKusdo6c9c.jpg]
[framerusercontent.com/images/1jYE16w7Z6uJpRukM4zA8wWhqLw3f9f.jpg]
[framerusercontent.com/images/GVUmAVVXmrmuQFlh6JHE190cyIk3f9f.jpg]
[framerusercontent.com/images/WzsV9MO2LHZ0IrqACksUxN0gSGU3f9f.jpg]
[framerusercontent.com/images/uiKxMsgoZQRRL3hR5mJC9RDGkk3f9f.jpg]
[framerusercontent.com/images/nVHy83miycq3CLVTFcY6B5cmW43f9f.jpg]
[framerusercontent.com/images/Q9FwsA5zBQGLlcowYQkymzaVCMw3f9f.jpg]
[framerusercontent.com/images/LPjLBVl3pJqM2wD72SHa9q8BX0M9135.jpg]
[framerusercontent.com/images/I9kyFVPGSOH7H0sv3SFcPBRDhdU86fb.jpg]
[framerusercontent.com/images/IfKd0yo59R2tOIkqGOiM6KKusdod231.jpg]
[framerusercontent.com/images/1jYE16w7Z6uJpRukM4zA8wWhqLw7f4f.jpg]
[framerusercontent.com/images/GVUmAVVXmrmuQFlh6JHE190cyIka87a.jpg]
[framerusercontent.com/images/WzsV9MO2LHZ0IrqACksUxN0gSGUaa43.jpg]
[framerusercontent.com/images/uiKxMsgoZQRRL3hR5mJC9RDGkk46a8.jpg]
[framerusercontent.com/images/nVHy83miycq3CLVTFcY6B5cmW4bfa7.jpg]
[framerusercontent.com/images/Q9FwsA5zBQGLlcowYQkymzaVCMwf2d7.jpg]
[spicy-step-903793.framer.app/work/callura.html]
[framerusercontent.com/images/UOg3KLA7d7mcR422oHmgpN7EKqEcd01.jpg]
[framerusercontent.com/images/7DYQphWhYoGVqg6qYpmCl2HU88ac.png]
[framerusercontent.com/images/D84L4jp3FiEGWKLsY3wh4beVRAs88ac.jpg]
[framerusercontent.com/images/JaG2lXM3V0m0weLuOxdRuSRluc88ac.jpg]
[framerusercontent.com/images/nX2FsrkgmtjmrYhV66OpEVTg761f.jpg]
[framerusercontent.com/images/r0lrDxb6JemLRMIPbzoVnuJvX488ac.jpg]
[framerusercontent.com/images/KPQ2BZB3tjuA1g8hkizRitVeRg88ac.jpg]
[framerusercontent.com/images/Ps6Za6Em4Fto6H1jPUx2tkZ0niQ88ac.jpg]
[framerusercontent.com/images/04LkuD27Df2YkQsrS5oLG99N7pA88ac.png]
[framerusercontent.com/images/Xh8Kz0VlUXjwLPjC40SyUL8STMM88ac.jpg]
[framerusercontent.com/images/U44QKZ9BWikQQodDZvfG8LvjzRY88ac.jpg]
[framerusercontent.com/images/UXcGXnE9aV4V5S6S94egWIOoHQA88ac.jpg]
[framerusercontent.com/images/zSfiv29UwQ8pZKZBw9Umo2oaDvw88ac.jpg]
[framerusercontent.com/images/WJvmtaMOAoz5pLgYgb3V0ivMxo88ac.jpg]
[framerusercontent.com/images/mCqzSMKy4KUDFv3EOwJYwsDb088ac.jpg]
[framerusercontent.com/images/R3Ruz3N7uostr5vrtWF9dRAhU88ac.jpg]
[framerusercontent.com/images/jmctuKqdSFrWQmrGSXjQHUo8JzU88ac.jpg]
[framerusercontent.com/images/WjSZLLPxaKL6d36ljP1L6508eQ88ac.jpg]
[framerusercontent.com/images/Y7W5O2mpygrMNoSOlJmAZjNIPY88ac.jpg]
[framerusercontent.com/images/Pv4i5yxNHx3r8piAye2ym0hihE88ac.jpg]
[framerusercontent.com/images/PtwozivOg0KY5SseMkzg66yikM88ac.jpg]
[framerusercontent.com/images/Tsq9EX1nu3204oernkP8V5em6nI88ac.jpg]
[framerusercontent.com/images/rX2JW1cF22iqevrANMZe5g8RCUg88ac.jpg]
[framerusercontent.com/images/UOg3KLA7d7mcR422oHmgpN7EKqE7ee0.jpg]
[framerusercontent.com/images/J58EpS2cZRIxuj1xAsBS54X2ka03a.png]
[framerusercontent.com/images/7DYQphWhYoGVqg6qYpmCl2HU1b1e.png]
[framerusercontent.com/images/D84L4jp3FiEGWKLsY3wh4beVRAsde1d.jpg]
[framerusercontent.com/images/JaG2lXM3V0m0weLuOxdRuSRluc151f.jpg]
[framerusercontent.com/images/nX2FsrkgmtjmrYhV66OpEVTge97e.jpg]
[framerusercontent.com/images/r0lrDxb6JemLRMIPbzoVnuJvX42d28.jpg]
[framerusercontent.com/images/KPQ2BZB3tjuA1g8hkizRitVeRgffb1.jpg]
[framerusercontent.com/images/Ps6Za6Em4Fto6H1jPUx2tkZ0niQc5f0.jpg]
[framerusercontent.com/images/04LkuD27Df2YkQsrS5oLG99N7pA749d.png]
[framerusercontent.com/images/Xh8Kz0VlUXjwLPjC40SyUL8STMMfcde.jpg]
[framerusercontent.com/images/U44QKZ9BWikQQodDZvfG8LvjzRY2ec4.jpg]
[framerusercontent.com/images/UXcGXnE9aV4V5S6S94egWIOoHQAae1c.jpg]
[framerusercontent.com/images/zSfiv29UwQ8pZKZBw9Umo2oaDvw28b5.jpg]
[framerusercontent.com/images/WJvmtaMOAoz5pLgYgb3V0ivMxo6ae3.jpg]
[framerusercontent.com/images/mCqzSMKy4KUDFv3EOwJYwsDb0da50.jpg]
[framerusercontent.com/images/R3Ruz3N7uostr5vrtWF9dRAhUbc88.jpg]
[framerusercontent.com/images/jmctuKqdSFrWQmrGSXjQHUo8JzUd51c.jpg]
[framerusercontent.com/images/WjSZLLPxaKL6d36ljP1L6508eQd0df.jpg]
[framerusercontent.com/images/Y7W5O2mpygrMNoSOlJmAZjNIPYfe56.jpg]
[framerusercontent.com/images/Pv4i5yxNHx3r8piAye2ym0hihE1a3e.jpg]
[framerusercontent.com/images/PtwozivOg0KY5SseMkzg66yikM0822.jpg]
[framerusercontent.com/images/Tsq9EX1nu3204oernkP8V5em6nI1909.jpg]
[framerusercontent.com/images/rX2JW1cF22iqevrANMZe5g8RCUgd10f.jpg]
[spicy-step-903793.framer.app/work/gamepay.html]
[framerusercontent.com/images/7MNjq1uh3dwhKh7VsfqR6utrtsce8f.jpg]
[framerusercontent.com/images/tPcgtuRfwf9X31OcUfez87MjCAce8f.jpg]
[framerusercontent.com/images/yGuTHQMhWCb0dxWTQu2i85fdkx8ce8f.jpg]
[framerusercontent.com/images/SKgpILSc1JodtlbwHMzIQFdnYce8f.jpg]
[framerusercontent.com/images/eDZ3AUGcWJRrZPUvc0wmC7v0Z4ce8f.jpg]
[framerusercontent.com/images/zz1l4BhohIdCJlgyRzOor53K5h4ce8f.jpg]
[framerusercontent.com/images/8d9iGXO8Gg7C12xFnYYR0n4ce8f.jpg]
[framerusercontent.com/images/gPf6jcAALjZpL2lMyMlv5D55gG48e6b.jpg]
[framerusercontent.com/images/7MNjq1uh3dwhKh7VsfqR6utrts2a49.jpg]
[framerusercontent.com/images/tPcgtuRfwf9X31OcUfez87MjCAecd4.jpg]
[framerusercontent.com/images/yGuTHQMhWCb0dxWTQu2i85fdkx8d7c6.jpg]
[framerusercontent.com/images/SKgpILSc1JodtlbwHMzIQFdnY16cb.jpg]
[framerusercontent.com/images/eDZ3AUGcWJRrZPUvc0wmC7v0Z48fd2.jpg]
[framerusercontent.com/images/zz1l4BhohIdCJlgyRzOor53K5h42548.jpg]
[framerusercontent.com/images/8d9iGXO8Gg7C12xFnYYR0n46886.jpg]
[framerusercontent.com/images/gPf6jcAALjZpL2lMyMlv5D55gG4e248.jpg]
[spicy-step-903793.framer.app/work/phon.html]
[spicy-step-903793.framer.app/changelog/decision-history.html]
[spicy-step-903793.framer.app/changelog/connectors.html]
[spicy-step-903793.framer.app/changelog/public-share-system-and-design-drive-revamp.html]
[spicy-step-903793.framer.app/terms.html]
[spicy-step-903793.framer.app/policy.html]
[spicy-step-903793.framer.app/guarantees.html]
[spicy-step-903793.framer.app/changelog/style-profile-and-brand-memory.html]
[spicy-step-903793.framer.app/changelog/knot-ai-agent.html]
[spicy-step-903793.framer.app/changelog/initial-launch.html]
